# Verification 2026-10-08 16:55:49 — PASS
Files (17): docs/context/00_README.md, docs/context/01_DATA_MODEL.md, docs/context/02_NAMING_CONVENTION.md, docs/context/CHECK_CTRL_SNAPSHOT.py, docs/context/CTRL_TABLES_CONTEXT.md, docs/context/NB_00_ORCHES_SLV_TO_GLD.md, docs/context/NB_EXTRACT_3RD_PARTY_CDC_BRZ_TO_SLV.md, docs/context/NB_EXTRACT_PARTNER_CDC_BRZ_TO_SLV.md, docs/context/NB_LIB_EXTRACT_RAWDATA.md, notebooks/NB_00_ORCHES_SLV_TO_GLD.ipynb, notebooks/NB_CREATE_DDL.ipynb, notebooks/NB_EXTRACT_3RD_PARTY_CDC_BRZ_TO_SLV.ipynb, notebooks/NB_EXTRACT_PARTNER_CDC_BRZ_TO_SLV.ipynb, notebooks/NB_LIB_EXTRACT_RAWDATA.ipynb, notebooks/NB_LIB_TRANSFORM_SLV_GLD.ipynb, pipelines/PL_VV_TRANSFORM_BRONZE_TO_SILVER_FL_00/PL_VV_TRANSFORM_BRONZE_TO_SILVER_FL_00.json, scripts/agent_runner.py

## ruff: PASS
[1;32mAll checks passed![0m

## sqlfluff[sparksql]: SKIP
no relevant files

## sqlfluff[postgres]: SKIP
no relevant files

## json+pipeline: PASS

## toml: SKIP
no relevant files

## pytest: PASS
.............                                                            [100%]
13 passed in 0.11s

## task-state: PASS

# Verification 2026-10-08 17:24:49 — PASS
Files (17): docs/context/00_README.md, docs/context/01_DATA_MODEL.md, docs/context/02_NAMING_CONVENTION.md, docs/context/CHECK_CTRL_SNAPSHOT.py, docs/context/CTRL_TABLES_CONTEXT.md, docs/context/NB_00_ORCHES_SLV_TO_GLD.md, docs/context/NB_EXTRACT_3RD_PARTY_CDC_BRZ_TO_SLV.md, docs/context/NB_EXTRACT_PARTNER_CDC_BRZ_TO_SLV.md, docs/context/NB_LIB_EXTRACT_RAWDATA.md, notebooks/NB_00_ORCHES_SLV_TO_GLD.ipynb, notebooks/NB_CREATE_DDL.ipynb, notebooks/NB_EXTRACT_3RD_PARTY_CDC_BRZ_TO_SLV.ipynb, notebooks/NB_EXTRACT_PARTNER_CDC_BRZ_TO_SLV.ipynb, notebooks/NB_LIB_EXTRACT_RAWDATA.ipynb, notebooks/NB_LIB_TRANSFORM_SLV_GLD.ipynb, pipelines/PL_VV_TRANSFORM_BRONZE_TO_SILVER_FL_00/PL_VV_TRANSFORM_BRONZE_TO_SILVER_FL_00.json, scripts/agent_runner.py

## ruff: PASS
[1;32mAll checks passed![0m

## sqlfluff[sparksql]: SKIP
no relevant files

## sqlfluff[postgres]: SKIP
no relevant files

## json+pipeline: PASS

## toml: SKIP
no relevant files

## pytest: PASS
.............                                                            [100%]
13 passed in 0.14s

## task-state: PASS

# Verification 2026-10-08 22:33:04 — PASS
Files (17): docs/context/00_README.md, docs/context/01_DATA_MODEL.md, docs/context/02_NAMING_CONVENTION.md, docs/context/CHECK_CTRL_SNAPSHOT.py, docs/context/CTRL_TABLES_CONTEXT.md, docs/context/NB_00_ORCHES_SLV_TO_GLD.md, docs/context/NB_EXTRACT_3RD_PARTY_CDC_BRZ_TO_SLV.md, docs/context/NB_EXTRACT_PARTNER_CDC_BRZ_TO_SLV.md, docs/context/NB_LIB_EXTRACT_RAWDATA.md, notebooks/NB_00_ORCHES_SLV_TO_GLD.ipynb, notebooks/NB_CREATE_DDL.ipynb, notebooks/NB_EXTRACT_3RD_PARTY_CDC_BRZ_TO_SLV.ipynb, notebooks/NB_EXTRACT_PARTNER_CDC_BRZ_TO_SLV.ipynb, notebooks/NB_LIB_EXTRACT_RAWDATA.ipynb, notebooks/NB_LIB_TRANSFORM_SLV_GLD.ipynb, pipelines/PL_VV_TRANSFORM_BRONZE_TO_SILVER_FL_00/PL_VV_TRANSFORM_BRONZE_TO_SILVER_FL_00.json, scripts/agent_runner.py

## ruff: PASS
[1;32mAll checks passed![0m

## sqlfluff[sparksql]: SKIP
no relevant files

## sqlfluff[postgres]: SKIP
no relevant files

## json+pipeline: PASS

## toml: SKIP
no relevant files

## pytest: PASS
.............                                                            [100%]
13 passed in 0.16s

## task-state: PASS

